2026-08-31 06:03:01,068 - ReqID: test_1234567890 | Action: health_check | Status: success
2026-08-31 06:15:20,312 - ReqID: test_health_001 | Action: health_check | Status: success
2026-08-31 06:15:27,607 - ReqID: test_eth_001 | Action: get_balance | Status: success
2026-08-31 06:15:29,635 - ReqID: test_game_001 | Action: submit_game_score | Status: success
2026-08-31 06:15:31,693 - ReqID: test_db_001 | Action: enable_extension | Status: error
2026-08-31 07:38:04,368 - ReqID: test_health_001 | Action: health_check | Status: success
2026-08-31 07:38:09,939 - ReqID: test_eth_001 | Action: get_balance | Status: success
2026-08-31 07:38:11,968 - ReqID: test_game_001 | Action: submit_game_score | Status: success
2026-08-31 07:38:14,002 - ReqID: test_game_cheat_001 | Action: submit_game_score | Status: error
2026-08-31 07:38:16,537 - ReqID: test_multisig_001 | Action: check_multisig | Status: error
2026-08-31 07:38:18,760 - ReqID: test_swarm_001 | Action: run_swarm | Status: success
2026-08-31 07:38:20,839 - ReqID: test_vector_001 | Action: store_vector | Status: error
2026-08-31 07:38:22,924 - ReqID: test_multichain_001 | Action: multichain_balance | Status: error
2026-08-31 07:38:25,004 - ReqID: test_invalid_001 | Action: nonexistent_action | Status: error
2026-08-31 07:42:50,088 - ReqID: test_health_001 | Action: health_check | Status: success
2026-08-31 07:42:54,924 - ReqID: test_eth_001 | Action: get_balance | Status: success
2026-08-31 07:42:56,975 - ReqID: test_game_001 | Action: submit_game_score | Status: success
2026-08-31 07:42:59,047 - ReqID: test_game_cheat_001 | Action: submit_game_score | Status: error
2026-08-31 07:43:01,586 - ReqID: test_multisig_001 | Action: check_multisig | Status: error
2026-08-31 07:43:13,235 - ReqID: test_swarm_001 | Action: run_swarm | Status: success
2026-08-31 07:43:15,292 - ReqID: test_vector_001 | Action: store_vector | Status: error
2026-08-31 07:43:17,486 - ReqID: test_multichain_001 | Action: multichain_balance | Status: error
2026-08-31 07:43:19,522 - ReqID: test_invalid_001 | Action: nonexistent_action | Status: error
